// Jest Snapshot v1, https://goo.gl/fbAQLP

exports[`<Left Navigation/> Should render without errors 1`] = `
Object {
  "asFragment": [Function],
  "baseElement": <body>
    <div>
      <div
        class="sc-dkzDqf BNvcl"
      >
        <div
          class="sc-hKMtZM cGcfbh"
        >
          <svg
            fill="currentColor"
            height="1em"
            viewBox="0 0 16 16"
            width="1em"
            xmlns="http://www.w3.org/2000/svg"
          >
            <path
              d="M8 0a8 8 0 1 0 0 16A8 8 0 0 0 8 0zm3.5 7.5a.5.5 0 0 1 0 1H5.707l2.147 2.146a.5.5 0 0 1-.708.708l-3-3a.5.5 0 0 1 0-.708l3-3a.5.5 0 1 1 .708.708L5.707 7.5H11.5z"
            />
          </svg>
          <div>
            Viewing 
            <span
              class="sc-eCYdqJ hiIcEh"
            >
              9/9
            </span>
          </div>
          <a
            class="sc-jSMfEi gbaooE"
          >
            Show All
          </a>
        </div>
        <div>
          <input
            class="sc-gKXOVf bJCSrY"
            type="text"
          />
        </div>
      </div>
      <div
        class="sc-bczRLJ eVealv"
      >
        <div
          class="sc-gsnTZi jhevQA"
        >
          <div>
            <svg
              fill="currentColor"
              height="16"
              viewBox="0 0 16 16"
              width="16"
              xmlns="http://www.w3.org/2000/svg"
            >
              <path
                d="M1 3.5A1.5 1.5 0 0 1 2.5 2h2.764c.958 0 1.76.56 2.311 1.184C7.985 3.648 8.48 4 9 4h4.5A1.5 1.5 0 0 1 15 5.5v7a1.5 1.5 0 0 1-1.5 1.5h-11A1.5 1.5 0 0 1 1 12.5v-9zM2.5 3a.5.5 0 0 0-.5.5V6h12v-.5a.5.5 0 0 0-.5-.5H9c-.964 0-1.71-.629-2.174-1.154C6.374 3.334 5.82 3 5.264 3H2.5zM14 7H2v5.5a.5.5 0 0 0 .5.5h11a.5.5 0 0 0 .5-.5V7z"
              />
            </svg>
          </div>
          <div>
            Local
          </div>
          <div>
            6
          </div>
        </div>
        <div
          class="sc-gsnTZi jhevQA"
        >
          <div>
            <svg
              fill="currentColor"
              height="16"
              viewBox="0 0 16 16"
              width="16"
              xmlns="http://www.w3.org/2000/svg"
            >
              <path
                d="M1 3.5A1.5 1.5 0 0 1 2.5 2h2.764c.958 0 1.76.56 2.311 1.184C7.985 3.648 8.48 4 9 4h4.5A1.5 1.5 0 0 1 15 5.5v7a1.5 1.5 0 0 1-1.5 1.5h-11A1.5 1.5 0 0 1 1 12.5v-9zM2.5 3a.5.5 0 0 0-.5.5V6h12v-.5a.5.5 0 0 0-.5-.5H9c-.964 0-1.71-.629-2.174-1.154C6.374 3.334 5.82 3 5.264 3H2.5zM14 7H2v5.5a.5.5 0 0 0 .5.5h11a.5.5 0 0 0 .5-.5V7z"
              />
            </svg>
          </div>
          <div>
            Remote
          </div>
          <div>
            12
          </div>
        </div>
        <div
          class="sc-gsnTZi jhevQA"
        >
          <div>
            <svg
              fill="currentColor"
              height="16"
              viewBox="0 0 16 16"
              width="16"
              xmlns="http://www.w3.org/2000/svg"
            >
              <path
                d="M1 3.5A1.5 1.5 0 0 1 2.5 2h2.764c.958 0 1.76.56 2.311 1.184C7.985 3.648 8.48 4 9 4h4.5A1.5 1.5 0 0 1 15 5.5v7a1.5 1.5 0 0 1-1.5 1.5h-11A1.5 1.5 0 0 1 1 12.5v-9zM2.5 3a.5.5 0 0 0-.5.5V6h12v-.5a.5.5 0 0 0-.5-.5H9c-.964 0-1.71-.629-2.174-1.154C6.374 3.334 5.82 3 5.264 3H2.5zM14 7H2v5.5a.5.5 0 0 0 .5.5h11a.5.5 0 0 0 .5-.5V7z"
              />
            </svg>
          </div>
          <div>
            Issues
          </div>
          <div>
            9
          </div>
        </div>
        <div
          class="sc-gsnTZi jhevQA"
        >
          <div>
            <svg
              fill="currentColor"
              height="16"
              viewBox="0 0 16 16"
              width="16"
              xmlns="http://www.w3.org/2000/svg"
            >
              <path
                d="M1 3.5A1.5 1.5 0 0 1 2.5 2h2.764c.958 0 1.76.56 2.311 1.184C7.985 3.648 8.48 4 9 4h4.5A1.5 1.5 0 0 1 15 5.5v7a1.5 1.5 0 0 1-1.5 1.5h-11A1.5 1.5 0 0 1 1 12.5v-9zM2.5 3a.5.5 0 0 0-.5.5V6h12v-.5a.5.5 0 0 0-.5-.5H9c-.964 0-1.71-.629-2.174-1.154C6.374 3.334 5.82 3 5.264 3H2.5zM14 7H2v5.5a.5.5 0 0 0 .5.5h11a.5.5 0 0 0 .5-.5V7z"
              />
            </svg>
          </div>
          <div>
            Teams
          </div>
          <div>
            15
          </div>
        </div>
        <div
          class="sc-gsnTZi jhevQA"
        >
          <div>
            <svg
              fill="currentColor"
              height="16"
              viewBox="0 0 16 16"
              width="16"
              xmlns="http://www.w3.org/2000/svg"
            >
              <path
                d="M1 3.5A1.5 1.5 0 0 1 2.5 2h2.764c.958 0 1.76.56 2.311 1.184C7.985 3.648 8.48 4 9 4h4.5A1.5 1.5 0 0 1 15 5.5v7a1.5 1.5 0 0 1-1.5 1.5h-11A1.5 1.5 0 0 1 1 12.5v-9zM2.5 3a.5.5 0 0 0-.5.5V6h12v-.5a.5.5 0 0 0-.5-.5H9c-.964 0-1.71-.629-2.174-1.154C6.374 3.334 5.82 3 5.264 3H2.5zM14 7H2v5.5a.5.5 0 0 0 .5.5h11a.5.5 0 0 0 .5-.5V7z"
              />
            </svg>
          </div>
          <div>
            Tags
          </div>
          <div>
            18
          </div>
        </div>
        <div
          class="sc-gsnTZi jhevQA"
        >
          <div>
            <svg
              fill="currentColor"
              height="16"
              viewBox="0 0 16 16"
              width="16"
              xmlns="http://www.w3.org/2000/svg"
            >
              <path
                d="M1 3.5A1.5 1.5 0 0 1 2.5 2h2.764c.958 0 1.76.56 2.311 1.184C7.985 3.648 8.48 4 9 4h4.5A1.5 1.5 0 0 1 15 5.5v7a1.5 1.5 0 0 1-1.5 1.5h-11A1.5 1.5 0 0 1 1 12.5v-9zM2.5 3a.5.5 0 0 0-.5.5V6h12v-.5a.5.5 0 0 0-.5-.5H9c-.964 0-1.71-.629-2.174-1.154C6.374 3.334 5.82 3 5.264 3H2.5zM14 7H2v5.5a.5.5 0 0 0 .5.5h11a.5.5 0 0 0 .5-.5V7z"
              />
            </svg>
          </div>
          <div>
            Local
          </div>
          <div>
            6
          </div>
        </div>
        <div
          class="sc-gsnTZi jhevQA"
        >
          <div>
            <svg
              fill="currentColor"
              height="16"
              viewBox="0 0 16 16"
              width="16"
              xmlns="http://www.w3.org/2000/svg"
            >
              <path
                d="M1 3.5A1.5 1.5 0 0 1 2.5 2h2.764c.958 0 1.76.56 2.311 1.184C7.985 3.648 8.48 4 9 4h4.5A1.5 1.5 0 0 1 15 5.5v7a1.5 1.5 0 0 1-1.5 1.5h-11A1.5 1.5 0 0 1 1 12.5v-9zM2.5 3a.5.5 0 0 0-.5.5V6h12v-.5a.5.5 0 0 0-.5-.5H9c-.964 0-1.71-.629-2.174-1.154C6.374 3.334 5.82 3 5.264 3H2.5zM14 7H2v5.5a.5.5 0 0 0 .5.5h11a.5.5 0 0 0 .5-.5V7z"
              />
            </svg>
          </div>
          <div>
            Remote
          </div>
          <div>
            12
          </div>
        </div>
        <div
          class="sc-gsnTZi jhevQA"
        >
          <div>
            <svg
              fill="currentColor"
              height="16"
              viewBox="0 0 16 16"
              width="16"
              xmlns="http://www.w3.org/2000/svg"
            >
              <path
                d="M1 3.5A1.5 1.5 0 0 1 2.5 2h2.764c.958 0 1.76.56 2.311 1.184C7.985 3.648 8.48 4 9 4h4.5A1.5 1.5 0 0 1 15 5.5v7a1.5 1.5 0 0 1-1.5 1.5h-11A1.5 1.5 0 0 1 1 12.5v-9zM2.5 3a.5.5 0 0 0-.5.5V6h12v-.5a.5.5 0 0 0-.5-.5H9c-.964 0-1.71-.629-2.174-1.154C6.374 3.334 5.82 3 5.264 3H2.5zM14 7H2v5.5a.5.5 0 0 0 .5.5h11a.5.5 0 0 0 .5-.5V7z"
              />
            </svg>
          </div>
          <div>
            Issues
          </div>
          <div>
            9
          </div>
        </div>
        <div
          class="sc-gsnTZi jhevQA"
        >
          <div>
            <svg
              fill="currentColor"
              height="16"
              viewBox="0 0 16 16"
              width="16"
              xmlns="http://www.w3.org/2000/svg"
            >
              <path
                d="M1 3.5A1.5 1.5 0 0 1 2.5 2h2.764c.958 0 1.76.56 2.311 1.184C7.985 3.648 8.48 4 9 4h4.5A1.5 1.5 0 0 1 15 5.5v7a1.5 1.5 0 0 1-1.5 1.5h-11A1.5 1.5 0 0 1 1 12.5v-9zM2.5 3a.5.5 0 0 0-.5.5V6h12v-.5a.5.5 0 0 0-.5-.5H9c-.964 0-1.71-.629-2.174-1.154C6.374 3.334 5.82 3 5.264 3H2.5zM14 7H2v5.5a.5.5 0 0 0 .5.5h11a.5.5 0 0 0 .5-.5V7z"
              />
            </svg>
          </div>
          <div>
            Teams
          </div>
          <div>
            15
          </div>
        </div>
        <div
          class="sc-gsnTZi jhevQA"
        >
          <div>
            <svg
              fill="currentColor"
              height="16"
              viewBox="0 0 16 16"
              width="16"
              xmlns="http://www.w3.org/2000/svg"
            >
              <path
                d="M1 3.5A1.5 1.5 0 0 1 2.5 2h2.764c.958 0 1.76.56 2.311 1.184C7.985 3.648 8.48 4 9 4h4.5A1.5 1.5 0 0 1 15 5.5v7a1.5 1.5 0 0 1-1.5 1.5h-11A1.5 1.5 0 0 1 1 12.5v-9zM2.5 3a.5.5 0 0 0-.5.5V6h12v-.5a.5.5 0 0 0-.5-.5H9c-.964 0-1.71-.629-2.174-1.154C6.374 3.334 5.82 3 5.264 3H2.5zM14 7H2v5.5a.5.5 0 0 0 .5.5h11a.5.5 0 0 0 .5-.5V7z"
              />
            </svg>
          </div>
          <div>
            Tags
          </div>
          <div>
            18
          </div>
        </div>
      </div>
    </div>
  </body>,
  "container": <div>
    <div
      class="sc-dkzDqf BNvcl"
    >
      <div
        class="sc-hKMtZM cGcfbh"
      >
        <svg
          fill="currentColor"
          height="1em"
          viewBox="0 0 16 16"
          width="1em"
          xmlns="http://www.w3.org/2000/svg"
        >
          <path
            d="M8 0a8 8 0 1 0 0 16A8 8 0 0 0 8 0zm3.5 7.5a.5.5 0 0 1 0 1H5.707l2.147 2.146a.5.5 0 0 1-.708.708l-3-3a.5.5 0 0 1 0-.708l3-3a.5.5 0 1 1 .708.708L5.707 7.5H11.5z"
          />
        </svg>
        <div>
          Viewing 
          <span
            class="sc-eCYdqJ hiIcEh"
          >
            9/9
          </span>
        </div>
        <a
          class="sc-jSMfEi gbaooE"
        >
          Show All
        </a>
      </div>
      <div>
        <input
          class="sc-gKXOVf bJCSrY"
          type="text"
        />
      </div>
    </div>
    <div
      class="sc-bczRLJ eVealv"
    >
      <div
        class="sc-gsnTZi jhevQA"
      >
        <div>
          <svg
            fill="currentColor"
            height="16"
            viewBox="0 0 16 16"
            width="16"
            xmlns="http://www.w3.org/2000/svg"
          >
            <path
              d="M1 3.5A1.5 1.5 0 0 1 2.5 2h2.764c.958 0 1.76.56 2.311 1.184C7.985 3.648 8.48 4 9 4h4.5A1.5 1.5 0 0 1 15 5.5v7a1.5 1.5 0 0 1-1.5 1.5h-11A1.5 1.5 0 0 1 1 12.5v-9zM2.5 3a.5.5 0 0 0-.5.5V6h12v-.5a.5.5 0 0 0-.5-.5H9c-.964 0-1.71-.629-2.174-1.154C6.374 3.334 5.82 3 5.264 3H2.5zM14 7H2v5.5a.5.5 0 0 0 .5.5h11a.5.5 0 0 0 .5-.5V7z"
            />
          </svg>
        </div>
        <div>
          Local
        </div>
        <div>
          6
        </div>
      </div>
      <div
        class="sc-gsnTZi jhevQA"
      >
        <div>
          <svg
            fill="currentColor"
            height="16"
            viewBox="0 0 16 16"
            width="16"
            xmlns="http://www.w3.org/2000/svg"
          >
            <path
              d="M1 3.5A1.5 1.5 0 0 1 2.5 2h2.764c.958 0 1.76.56 2.311 1.184C7.985 3.648 8.48 4 9 4h4.5A1.5 1.5 0 0 1 15 5.5v7a1.5 1.5 0 0 1-1.5 1.5h-11A1.5 1.5 0 0 1 1 12.5v-9zM2.5 3a.5.5 0 0 0-.5.5V6h12v-.5a.5.5 0 0 0-.5-.5H9c-.964 0-1.71-.629-2.174-1.154C6.374 3.334 5.82 3 5.264 3H2.5zM14 7H2v5.5a.5.5 0 0 0 .5.5h11a.5.5 0 0 0 .5-.5V7z"
            />
          </svg>
        </div>
        <div>
          Remote
        </div>
        <div>
          12
        </div>
      </div>
      <div
        class="sc-gsnTZi jhevQA"
      >
        <div>
          <svg
            fill="currentColor"
            height="16"
            viewBox="0 0 16 16"
            width="16"
            xmlns="http://www.w3.org/2000/svg"
          >
            <path
              d="M1 3.5A1.5 1.5 0 0 1 2.5 2h2.764c.958 0 1.76.56 2.311 1.184C7.985 3.648 8.48 4 9 4h4.5A1.5 1.5 0 0 1 15 5.5v7a1.5 1.5 0 0 1-1.5 1.5h-11A1.5 1.5 0 0 1 1 12.5v-9zM2.5 3a.5.5 0 0 0-.5.5V6h12v-.5a.5.5 0 0 0-.5-.5H9c-.964 0-1.71-.629-2.174-1.154C6.374 3.334 5.82 3 5.264 3H2.5zM14 7H2v5.5a.5.5 0 0 0 .5.5h11a.5.5 0 0 0 .5-.5V7z"
            />
          </svg>
        </div>
        <div>
          Issues
        </div>
        <div>
          9
        </div>
      </div>
      <div
        class="sc-gsnTZi jhevQA"
      >
        <div>
          <svg
            fill="currentColor"
            height="16"
            viewBox="0 0 16 16"
            width="16"
            xmlns="http://www.w3.org/2000/svg"
          >
            <path
              d="M1 3.5A1.5 1.5 0 0 1 2.5 2h2.764c.958 0 1.76.56 2.311 1.184C7.985 3.648 8.48 4 9 4h4.5A1.5 1.5 0 0 1 15 5.5v7a1.5 1.5 0 0 1-1.5 1.5h-11A1.5 1.5 0 0 1 1 12.5v-9zM2.5 3a.5.5 0 0 0-.5.5V6h12v-.5a.5.5 0 0 0-.5-.5H9c-.964 0-1.71-.629-2.174-1.154C6.374 3.334 5.82 3 5.264 3H2.5zM14 7H2v5.5a.5.5 0 0 0 .5.5h11a.5.5 0 0 0 .5-.5V7z"
            />
          </svg>
        </div>
        <div>
          Teams
        </div>
        <div>
          15
        </div>
      </div>
      <div
        class="sc-gsnTZi jhevQA"
      >
        <div>
          <svg
            fill="currentColor"
            height="16"
            viewBox="0 0 16 16"
            width="16"
            xmlns="http://www.w3.org/2000/svg"
          >
            <path
              d="M1 3.5A1.5 1.5 0 0 1 2.5 2h2.764c.958 0 1.76.56 2.311 1.184C7.985 3.648 8.48 4 9 4h4.5A1.5 1.5 0 0 1 15 5.5v7a1.5 1.5 0 0 1-1.5 1.5h-11A1.5 1.5 0 0 1 1 12.5v-9zM2.5 3a.5.5 0 0 0-.5.5V6h12v-.5a.5.5 0 0 0-.5-.5H9c-.964 0-1.71-.629-2.174-1.154C6.374 3.334 5.82 3 5.264 3H2.5zM14 7H2v5.5a.5.5 0 0 0 .5.5h11a.5.5 0 0 0 .5-.5V7z"
            />
          </svg>
        </div>
        <div>
          Tags
        </div>
        <div>
          18
        </div>
      </div>
      <div
        class="sc-gsnTZi jhevQA"
      >
        <div>
          <svg
            fill="currentColor"
            height="16"
            viewBox="0 0 16 16"
            width="16"
            xmlns="http://www.w3.org/2000/svg"
          >
            <path
              d="M1 3.5A1.5 1.5 0 0 1 2.5 2h2.764c.958 0 1.76.56 2.311 1.184C7.985 3.648 8.48 4 9 4h4.5A1.5 1.5 0 0 1 15 5.5v7a1.5 1.5 0 0 1-1.5 1.5h-11A1.5 1.5 0 0 1 1 12.5v-9zM2.5 3a.5.5 0 0 0-.5.5V6h12v-.5a.5.5 0 0 0-.5-.5H9c-.964 0-1.71-.629-2.174-1.154C6.374 3.334 5.82 3 5.264 3H2.5zM14 7H2v5.5a.5.5 0 0 0 .5.5h11a.5.5 0 0 0 .5-.5V7z"
            />
          </svg>
        </div>
        <div>
          Local
        </div>
        <div>
          6
        </div>
      </div>
      <div
        class="sc-gsnTZi jhevQA"
      >
        <div>
          <svg
            fill="currentColor"
            height="16"
            viewBox="0 0 16 16"
            width="16"
            xmlns="http://www.w3.org/2000/svg"
          >
            <path
              d="M1 3.5A1.5 1.5 0 0 1 2.5 2h2.764c.958 0 1.76.56 2.311 1.184C7.985 3.648 8.48 4 9 4h4.5A1.5 1.5 0 0 1 15 5.5v7a1.5 1.5 0 0 1-1.5 1.5h-11A1.5 1.5 0 0 1 1 12.5v-9zM2.5 3a.5.5 0 0 0-.5.5V6h12v-.5a.5.5 0 0 0-.5-.5H9c-.964 0-1.71-.629-2.174-1.154C6.374 3.334 5.82 3 5.264 3H2.5zM14 7H2v5.5a.5.5 0 0 0 .5.5h11a.5.5 0 0 0 .5-.5V7z"
            />
          </svg>
        </div>
        <div>
          Remote
        </div>
        <div>
          12
        </div>
      </div>
      <div
        class="sc-gsnTZi jhevQA"
      >
        <div>
          <svg
            fill="currentColor"
            height="16"
            viewBox="0 0 16 16"
            width="16"
            xmlns="http://www.w3.org/2000/svg"
          >
            <path
              d="M1 3.5A1.5 1.5 0 0 1 2.5 2h2.764c.958 0 1.76.56 2.311 1.184C7.985 3.648 8.48 4 9 4h4.5A1.5 1.5 0 0 1 15 5.5v7a1.5 1.5 0 0 1-1.5 1.5h-11A1.5 1.5 0 0 1 1 12.5v-9zM2.5 3a.5.5 0 0 0-.5.5V6h12v-.5a.5.5 0 0 0-.5-.5H9c-.964 0-1.71-.629-2.174-1.154C6.374 3.334 5.82 3 5.264 3H2.5zM14 7H2v5.5a.5.5 0 0 0 .5.5h11a.5.5 0 0 0 .5-.5V7z"
            />
          </svg>
        </div>
        <div>
          Issues
        </div>
        <div>
          9
        </div>
      </div>
      <div
        class="sc-gsnTZi jhevQA"
      >
        <div>
          <svg
            fill="currentColor"
            height="16"
            viewBox="0 0 16 16"
            width="16"
            xmlns="http://www.w3.org/2000/svg"
          >
            <path
              d="M1 3.5A1.5 1.5 0 0 1 2.5 2h2.764c.958 0 1.76.56 2.311 1.184C7.985 3.648 8.48 4 9 4h4.5A1.5 1.5 0 0 1 15 5.5v7a1.5 1.5 0 0 1-1.5 1.5h-11A1.5 1.5 0 0 1 1 12.5v-9zM2.5 3a.5.5 0 0 0-.5.5V6h12v-.5a.5.5 0 0 0-.5-.5H9c-.964 0-1.71-.629-2.174-1.154C6.374 3.334 5.82 3 5.264 3H2.5zM14 7H2v5.5a.5.5 0 0 0 .5.5h11a.5.5 0 0 0 .5-.5V7z"
            />
          </svg>
        </div>
        <div>
          Teams
        </div>
        <div>
          15
        </div>
      </div>
      <div
        class="sc-gsnTZi jhevQA"
      >
        <div>
          <svg
            fill="currentColor"
            height="16"
            viewBox="0 0 16 16"
            width="16"
            xmlns="http://www.w3.org/2000/svg"
          >
            <path
              d="M1 3.5A1.5 1.5 0 0 1 2.5 2h2.764c.958 0 1.76.56 2.311 1.184C7.985 3.648 8.48 4 9 4h4.5A1.5 1.5 0 0 1 15 5.5v7a1.5 1.5 0 0 1-1.5 1.5h-11A1.5 1.5 0 0 1 1 12.5v-9zM2.5 3a.5.5 0 0 0-.5.5V6h12v-.5a.5.5 0 0 0-.5-.5H9c-.964 0-1.71-.629-2.174-1.154C6.374 3.334 5.82 3 5.264 3H2.5zM14 7H2v5.5a.5.5 0 0 0 .5.5h11a.5.5 0 0 0 .5-.5V7z"
            />
          </svg>
        </div>
        <div>
          Tags
        </div>
        <div>
          18
        </div>
      </div>
    </div>
  </div>,
  "debug": [Function],
  "findAllByAltText": [Function],
  "findAllByDisplayValue": [Function],
  "findAllByLabelText": [Function],
  "findAllByPlaceholderText": [Function],
  "findAllByRole": [Function],
  "findAllByTestId": [Function],
  "findAllByText": [Function],
  "findAllByTitle": [Function],
  "findByAltText": [Function],
  "findByDisplayValue": [Function],
  "findByLabelText": [Function],
  "findByPlaceholderText": [Function],
  "findByRole": [Function],
  "findByTestId": [Function],
  "findByText": [Function],
  "findByTitle": [Function],
  "getAllByAltText": [Function],
  "getAllByDisplayValue": [Function],
  "getAllByLabelText": [Function],
  "getAllByPlaceholderText": [Function],
  "getAllByRole": [Function],
  "getAllByTestId": [Function],
  "getAllByText": [Function],
  "getAllByTitle": [Function],
  "getByAltText": [Function],
  "getByDisplayValue": [Function],
  "getByLabelText": [Function],
  "getByPlaceholderText": [Function],
  "getByRole": [Function],
  "getByTestId": [Function],
  "getByText": [Function],
  "getByTitle": [Function],
  "queryAllByAltText": [Function],
  "queryAllByDisplayValue": [Function],
  "queryAllByLabelText": [Function],
  "queryAllByPlaceholderText": [Function],
  "queryAllByRole": [Function],
  "queryAllByTestId": [Function],
  "queryAllByText": [Function],
  "queryAllByTitle": [Function],
  "queryByAltText": [Function],
  "queryByDisplayValue": [Function],
  "queryByLabelText": [Function],
  "queryByPlaceholderText": [Function],
  "queryByRole": [Function],
  "queryByTestId": [Function],
  "queryByText": [Function],
  "queryByTitle": [Function],
  "rerender": [Function],
  "unmount": [Function],
}
`;
