// Jest Snapshot v1, https://goo.gl/fbAQLP

exports[`<Template Sidebar Left/> Should render without errors 1`] = `
Object {
  "asFragment": [Function],
  "baseElement": <body>
    <div>
      <section
        class="sc-papXJ fZXHHA"
      >
        <div
          class="sc-dkzDqf BNvcl"
        >
          <div
            class="sc-hKMtZM cGcfbh"
          >
            <svg
              fill="currentColor"
              height="1em"
              viewBox="0 0 16 16"
              width="1em"
              xmlns="http://www.w3.org/2000/svg"
            >
              <path
                d="M8 0a8 8 0 1 0 0 16A8 8 0 0 0 8 0zm3.5 7.5a.5.5 0 0 1 0 1H5.707l2.147 2.146a.5.5 0 0 1-.708.708l-3-3a.5.5 0 0 1 0-.708l3-3a.5.5 0 1 1 .708.708L5.707 7.5H11.5z"
              />
            </svg>
            <div>
              Viewing
              <span
                class="sc-eCYdqJ hiIcEh"
              >
                0
                / 
                0
                 
              </span>
            </div>
            <div
              class="sc-jSMfEi jIPZWC"
            >
              <span>
                Show All
              </span>
            </div>
          </div>
          <div>
            <input
              class="sc-gKXOVf bJCSrY"
              type="text"
              value=""
            />
          </div>
        </div>
        <div
          class="sc-bczRLJ eVealv"
        />
      </section>
    </div>
  </body>,
  "container": <div>
    <section
      class="sc-papXJ fZXHHA"
    >
      <div
        class="sc-dkzDqf BNvcl"
      >
        <div
          class="sc-hKMtZM cGcfbh"
        >
          <svg
            fill="currentColor"
            height="1em"
            viewBox="0 0 16 16"
            width="1em"
            xmlns="http://www.w3.org/2000/svg"
          >
            <path
              d="M8 0a8 8 0 1 0 0 16A8 8 0 0 0 8 0zm3.5 7.5a.5.5 0 0 1 0 1H5.707l2.147 2.146a.5.5 0 0 1-.708.708l-3-3a.5.5 0 0 1 0-.708l3-3a.5.5 0 1 1 .708.708L5.707 7.5H11.5z"
            />
          </svg>
          <div>
            Viewing
            <span
              class="sc-eCYdqJ hiIcEh"
            >
              0
              / 
              0
               
            </span>
          </div>
          <div
            class="sc-jSMfEi jIPZWC"
          >
            <span>
              Show All
            </span>
          </div>
        </div>
        <div>
          <input
            class="sc-gKXOVf bJCSrY"
            type="text"
            value=""
          />
        </div>
      </div>
      <div
        class="sc-bczRLJ eVealv"
      />
    </section>
  </div>,
  "debug": [Function],
  "findAllByAltText": [Function],
  "findAllByDisplayValue": [Function],
  "findAllByLabelText": [Function],
  "findAllByPlaceholderText": [Function],
  "findAllByRole": [Function],
  "findAllByTestId": [Function],
  "findAllByText": [Function],
  "findAllByTitle": [Function],
  "findByAltText": [Function],
  "findByDisplayValue": [Function],
  "findByLabelText": [Function],
  "findByPlaceholderText": [Function],
  "findByRole": [Function],
  "findByTestId": [Function],
  "findByText": [Function],
  "findByTitle": [Function],
  "getAllByAltText": [Function],
  "getAllByDisplayValue": [Function],
  "getAllByLabelText": [Function],
  "getAllByPlaceholderText": [Function],
  "getAllByRole": [Function],
  "getAllByTestId": [Function],
  "getAllByText": [Function],
  "getAllByTitle": [Function],
  "getByAltText": [Function],
  "getByDisplayValue": [Function],
  "getByLabelText": [Function],
  "getByPlaceholderText": [Function],
  "getByRole": [Function],
  "getByTestId": [Function],
  "getByText": [Function],
  "getByTitle": [Function],
  "queryAllByAltText": [Function],
  "queryAllByDisplayValue": [Function],
  "queryAllByLabelText": [Function],
  "queryAllByPlaceholderText": [Function],
  "queryAllByRole": [Function],
  "queryAllByTestId": [Function],
  "queryAllByText": [Function],
  "queryAllByTitle": [Function],
  "queryByAltText": [Function],
  "queryByDisplayValue": [Function],
  "queryByLabelText": [Function],
  "queryByPlaceholderText": [Function],
  "queryByRole": [Function],
  "queryByTestId": [Function],
  "queryByText": [Function],
  "queryByTitle": [Function],
  "rerender": [Function],
  "unmount": [Function],
}
`;
